// Jest Snapshot v1, https://goo.gl/fbAQLP

exports[`Segwit HD WALLET CORE TEST Render HDWallet Component 1`] = `ShallowWrapper {}`;
