// Jest Snapshot v1, https://goo.gl/fbAQLP

exports[`MULTISIG CORE TEST Render MultisigView Component 1`] = `ShallowWrapper {}`;
