// Jest Snapshot v1, https://goo.gl/fbAQLP

exports[`MultisigCard Input Form Render MultisigCard Input Component 1`] = `ShallowWrapper {}`;
